// Jest Snapshot v1, https://goo.gl/fbAQLP

exports[`renders bubble 1`] = `
<span
  className="Bubble-container-1"
>
  Hello
</span>
`;

exports[`renders bubble without crashing 1`] = `
<span
  className="Bubble-container-1"
>
  Hello
</span>
`;
