// Jest Snapshot v1, https://goo.gl/fbAQLP

exports[`renders section title 1`] = `
<span
  className="SectionTitle-sectionTitle-1"
>
  Hello
</span>
`;
