// Jest Snapshot v1, https://goo.gl/fbAQLP

exports[`renders bubble 1`] = `
<div
  className="TimelineBar-bar-1"
  style={
    Object {
      "height": 10,
      "top": 10,
    }
  }
/>
`;
