// Jest Snapshot v1, https://goo.gl/fbAQLP

exports[`renders header 1`] = `
<div
  className="Header-header-1"
>
  <div
    className="Header-headerBackground-3"
  />
  <header
    className="MuiPaper-root-14 MuiPaper-shadow4-20 MuiAppBar-root-7 MuiAppBar-positionFixed-8 MuiAppBar-colorPrimary-12 mui-fixed Header-headerBar-2"
  >
    <div
      className="MuiToolbar-root-41 MuiToolbar-gutters-42"
    >
      <button
        aria-label="Menu"
        className="MuiButtonBase-root-52 MuiIconButton-root-43 MuiIconButton-colorContrast-45"
        disabled={false}
        onBlur={[Function]}
        onFocus={[Function]}
        onKeyDown={[Function]}
        onKeyUp={[Function]}
        onMouseDown={[Function]}
        onMouseLeave={[Function]}
        onMouseUp={[Function]}
        onTouchEnd={[Function]}
        onTouchStart={[Function]}
        role="button"
        tabIndex={0}
        type="button"
      >
        <span
          className="MuiIconButton-label-49"
        >
          <svg
            aria-hidden="true"
            className="MuiSvgIcon-root-54"
            focusable="false"
            viewBox="0 0 24 24"
          >
            <path
              d="M3 18h18v-2H3v2zm0-5h18v-2H3v2zm0-7v2h18V6H3z"
            />
          </svg>
        </span>
        <span
          className="MuiTouchRipple-root-55"
        />
      </button>
      <div
        className="Header-flex-4"
      />
      <div>
        Profile 
      </div>
      <div>
        Contact 
      </div>
    </div>
  </header>
</div>
`;
