// Jest Snapshot v1, https://goo.gl/fbAQLP

exports[`Blog Render renders blog container 1`] = `
<div
  className=""
>
  <span
    className="SectionTitle-sectionTitle-92"
  >
    Articles
  </span>
  <div
    align="stretch"
    className="MuiGrid-typeContainer-3 MuiGrid-typeItem-4 MuiGrid-spacing-xs-8-23 MuiGrid-justify-xs-space-between-21 MuiGrid-grid-xs-12-39"
  />
</div>
`;
